./Queue.txt
./packing.lst
./Consumer.txt
./clean.sh
./loading.bat
./notification.bat
./openmbean.bat
./monitor.bat
./scheduler.properties
./Supplier.txt
./sample
./sample/loading
./sample/loading/ControllerMBean.java
./sample/loading/Controller.java
./sample/loading/Worker.java
./sample/loading/Supplier.java
./sample/loading/Consumer.java
./sample/loading/WorkerMBean.java
./sample/notification
./sample/notification/Supplier.java
./sample/notification/Consumer.java
./sample/notification/Worker.java
./sample/notification/Controller.java
./sample/notification/WorkerMBean.java
./sample/notification/GenericBroadcaster.java
./sample/notification/Queue.java
./sample/notification/ControllerMBean.java
./sample/notification/QueueMBean.java
./sample/utility
./sample/utility/MessageLog.java
./sample/utility/MessageLogQueue.java
./sample/utility/MessageLog.class
./sample/utility/MessageLogQueue.class
./sample/openmbean
./sample/openmbean/Controller.java
./sample/openmbean/Queue.java
./sample/openmbean/Supplier.java
./sample/openmbean/Consumer.java
./sample/openmbean/Basic.java
./sample/openmbean/Worker.java
./sample/openmbean/WorkUnit.java
./sample/standard
./sample/standard/Controller.java
./sample/standard/QueueMBean.java
./sample/standard/WorkUnit.java
./sample/standard/Supplier.java
./sample/standard/WorkerMBean.java
./sample/standard/Queue.java
./sample/standard/Consumer.java
./sample/standard/Worker.java
./sample/standard/ControllerMBean.java
./sample/standard/BasicMBean.java
./sample/standard/Basic.java
./sample/standard/Controller.class
./sample/standard/Basic.class
./sample/standard/BasicMBean.class
./sample/standard/ControllerMBean.class
./sample/standard/Queue.class
./sample/standard/QueueMBean.class
./sample/standard/WorkUnit.class
./sample/standard/Supplier.class
./sample/standard/Worker.class
./sample/standard/WorkerMBean.class
./sample/standard/Consumer.class
./sample/dynamic
./sample/dynamic/Basic.java
./sample/dynamic/Consumer.java
./sample/dynamic/Controller.java
./sample/dynamic/Queue.java
./sample/dynamic/Supplier.java
./sample/dynamic/WorkUnit.java
./sample/dynamic/Worker.java
./sample/model
./sample/model/ControllerMBean.java
./sample/model/Controller.java
./sample/monitor
./sample/monitor/ControllerMBean.java
./sample/monitor/Controller.java
./sample/monitor/Listener.java
./sample/timer
./sample/timer/Controller.java
./sample/timer/ControllerMBean.java
./sample/timer/Listener.java
./sample/timer/Scheduler.java
./sample/relation
./sample/relation/Controller.java
./sample/relation/ControllerMBean.java
./sample/relation/ConsumerSupplierRelationType.java
./sample/relation/ConsumerSupplierRelation.java
./sample/relation/ConsumerSupplierRelationMBean.java
./timer.bat
./standard.bat
./relation.bat
./model.bat
./dynamic.bat
./clean.bat
./README
./build.xml
